SyntaxError: C:\Users\SSR3CA\Desktop\tpm-one-docusaurus\src\components\ProjectFeatures\index.tsx: Unexpected token (60:69)
[0m [90m 58 |[39m [36mfunction[39m [33mFeature[39m({ title[33m,[39m [33mSvg[39m[33m,[39m description[33m,[39m highlight }[33m:[39m [33mFeatureItem[39m) {
 [90m 59 |[39m   [36mreturn[39m (
[31m[1m>[22m[39m[90m 60 |[39m     [33m<[39m[33marticle[39m className[33m=[39m{clsx(styles[33m.[39mfeatureCard[33m,[39m highlight [33m&&[39m styles[33m.[39m[
 [90m    |[39m                                                                      [31m[1m^[22m[39m
 [90m 61 |[39m       
 [90m 62 |[39m     ])}[33m>[39m
 [90m 63 |[39m       [33m<[39m[33mdiv[39m className[33m=[39m{styles[33m.[39miconFrame}[33m>[39m[0m
SyntaxError: C:\Users\SSR3CA\Desktop\tpm-one-docusaurus\src\components\ProjectFeatures\index.tsx: Adjacent JSX elements must be wrapped in an enclosing tag. Did you want a JSX fragment <>...</>? (65:6)
[0m [90m 63 |[39m       [33m<[39m[33m/[39m[33mdiv[39m[33m>[39m
 [90m 64 |[39m
[31m[1m>[22m[39m[90m 65 |[39m       [33m<[39m[33mdiv[39m className[33m=[39m{styles[33m.[39mfeatureContent}[33m>[39m
 [90m    |[39m       [31m[1m^[22m[39m
 [90m 66 |[39m         [33m<[39m[33mHeading[39m [36mas[39m[33m=[39m[32m"h3"[39m className[33m=[39m{styles[33m.[39mfeatureTitle}[33m>[39m
 [90m 67 |[39m           {title}
 [90m 68 |[39m         [33m<[39m[33m/[39m[33mHeading[39m[33m>[39m[0m
SyntaxError: C:\Users\SSR3CA\Desktop\tpm-one-docusaurus\src\components\ProjectFeatures\index.tsx: Adjacent JSX elements must be wrapped in an enclosing tag. Did you want a JSX fragment <>...</>? (65:6)
[0m [90m 63 |[39m       [33m<[39m[33m/[39m[33mdiv[39m[33m>[39m
 [90m 64 |[39m
[31m[1m>[22m[39m[90m 65 |[39m       [33m<[39m[33mdiv[39m className[33m=[39m{styles[33m.[39mfeatureContent}[33m>[39m
 [90m    |[39m       [31m[1m^[22m[39m
 [90m 66 |[39m         [33m<[39m[33mHeading[39m [36mas[39m[33m=[39m[32m"h3"[39m className[33m=[39m{styles[33m.[39mfeatureTitle}[33m>[39m
 [90m 67 |[39m           {title}
 [90m 68 |[39m         [33m<[39m[33m/[39m[33mHeading[39m[33m>[39m[0m
SyntaxError: C:\Users\SSR3CA\Desktop\tpm-one-docusaurus\src\components\ProjectFeatures\index.tsx: Adjacent JSX elements must be wrapped in an enclosing tag. Did you want a JSX fragment <>...</>? (61:6)
[0m [90m 59 |[39m   [36mreturn[39m (
 [90m 60 |[39m     [33m<[39m[33mdiv[39m[33m>[39m[33m<[39m[33m/[39m[33mdiv[39m[33m>[39m
[31m[1m>[22m[39m[90m 61 |[39m       [33m<[39m[33mdiv[39m className[33m=[39m{styles[33m.[39miconFrame}[33m>[39m
 [90m    |[39m       [31m[1m^[22m[39m
 [90m 62 |[39m         [33m<[39m[33mSvg[39m className[33m=[39m{clsx(styles[33m.[39mfeatureSvg[33m,[39m highlight [33m&&[39m styles[33m.[39mmapSvg)} role[33m=[39m[32m"img"[39m [33m/[39m[33m>[39m
 [90m 63 |[39m         {highlight [33m&&[39m [33m<[39m[33mspan[39m className[33m=[39m{styles[33m.[39mmapBadge}[33m>[39m[35m3[39m[33mD[39m[33m<[39m[33m/[39m[33mspan[39m[33m>[39m}
 [90m 64 |[39m       [33m<[39m[33m/[39m[33mdiv[39m[33m>[39m[0m
SyntaxError: C:\Users\SSR3CA\Desktop\tpm-one-docusaurus\src\components\ProjectFeatures\index.tsx: Unexpected token (76:2)
[0m [90m 74 |[39m
 [90m 75 |[39m [36mexport[39m [36mdefault[39m [36mfunction[39m [33mProjectFeatures[39m()[33m:[39m [33mReactNode[39m {
[31m[1m>[22m[39m[90m 76 |[39m   [36mreturn[39m (
 [90m    |[39m   [31m[1m^[22m[39m
 [90m 77 |[39m     [33m<[39m[33msection[39m className[33m=[39m{styles[33m.[39mfeatures}[33m>[39m
 [90m 78 |[39m       [33m<[39m[33mdiv[39m className[33m=[39m[32m"container"[39m[33m>[39m
 [90m 79 |[39m         [33m<[39m[33mdiv[39m className[33m=[39m{styles[33m.[39mfeatureGrid}[33m>[39m[0m
